[!p[2J[H[8;24;80t[?7h[4l[?6l[?5l[3g[9GH[17GH[25GH[33GH[41GH[49GH[57GH[65GH[73GH[0m[1;1H[38;5;196mColor 196[48;5;21m BG 21 [49m                                                                [0m[1;17H[?25h