[!p[2J[H[8;24;80t[?7h[4l[?6l[?5l[3g[9GH[17GH[25GH[33GH[41GH[49GH[57GH[65GH[73GH[0m[1;1HPrimary buffer text                                                             [0m[1;20H[?1049h[2J[H[0m[1;1H                   Alternate buffer text                                        [0m[1;41H[?25h