[!p[2J[H[8;24;80t[?7h[4l[?6l[?5l[3g[9GH[17GH[25GH[33GH[41GH[49GH[57GH[65GH[73GH[0m[1;1H[31mRed text in main[39m                                                                [2;1H                [1mBold main text[0m                                                  [0m[3;15H[?1049h[2J[H[0m[1;1H[32mGreen in alt[39m                                                                    [2;1H            [4mUnderlined alt[0m                                                      [0m[5;20H[?25h