[!p[2J[H[8;5;10t[?7h[4l[?6l[?5l[3g[9GH[0m[1;1HA   B     [3;1H  C       [0m[3;4H[?25h