# tbot config file generated by `configure` command
version: v2
onboarding:
  token: xxyzz
  ca_pins:
    - sha256:capindata
  join_method: token
storage:
  type: directory
  path: /custom/data/dir
  symlinks: secure
  acls: try
debug: false
auth_server: example.com
certificate_ttl: 42m0s
renewal_interval: 21m0s
oneshot: true
fips: true
