version: v1
kind: update_config
spec:
    proxy: localhost
    path: /usr/local/bin
    base_url: https://example.com
    enabled: true
    pinned: false
status:
    id_file: updater-id-file
    last_update:
        success: true
        time: 2025-01-01T00:00:00Z
        target:
            version: 16.3.0
            flags: [Enterprise, FIPS]
    active:
        version: 16.3.0
        flags: [Enterprise, FIPS]
    backup:
        version: old-version
        flags: [Enterprise, FIPS]
