$nrconf{override_rc}{qr(^teleport_test\.service)} = 0;
