# teleport-update
# DO NOT EDIT THIS FILE
[Unit]
Description=Teleport auto-update service

[Service]
Type=oneshot
ExecStart=/usr/local/bin/teleport-update --install-suffix=test update
