version: v1
kind: update_config
spec:
    proxy: ""
    group: ""
    url_template: ""
    enabled: true
status:
    active_version: ""
    backup_version: ""
