should contain the api key:
  1: |
    apiVersion: v1
    data:
      pagerdutyApiKey: bXlwYWdlcmR1dHlhcGlrZXk=
    kind: Secret
    metadata:
      name: RELEASE-NAME-teleport-plugin-pagerduty-secret
    type: Opaque
