should match the snapshot:
  1: |
    apiVersion: v1
    data:
      teleport-datadog.toml: |
        [teleport]
        addr = "teleport.example.com:1234"
        identity = "/var/lib/teleport/plugins/datadog/teleport-identity/auth_id"
        refresh_identity = true

        [datadog]
        api_endpoint = "https://api.datadoghq.com"
        api_key = "/var/lib/teleport/plugins/datadog/datadog-api-key"
        application_key = "/var/lib/teleport/plugins/datadog/datadog-application-key"
        severity = "SEV-3"

        [role_to_recipients]
        "*" = ["admin@example.com"]

        [log]
        output = "/var/log/teleport-datadog.log"
        severity = "DEBUG"
    kind: ConfigMap
    metadata:
      labels:
        app.kubernetes.io/instance: RELEASE-NAME
        app.kubernetes.io/managed-by: Helm
        app.kubernetes.io/name: teleport-plugin-datadog
        app.kubernetes.io/version: 17.0.0-alpha.5
        helm.sh/chart: teleport-plugin-datadog-17.0.0-alpha.5
      name: RELEASE-NAME-teleport-plugin-datadog
