version: ""
kind: ""
spec:
    proxy: ""
    group: ""
    url_template: ""
    enabled: false
status:
    active_version: ""
    backup_version: ""
