version: ""
kind: ""
spec:
    proxy: ""
    enabled: false
    pinned: false
status:
    active:
        version: ""
