version: v1
kind: update_config
spec:
    proxy: localhost
    enabled: false
    pinned: false
status:
    active:
        version: 16.3.0
