should match the snapshot (full):
  1: |
    apiVersion: rbac.authorization.k8s.io/v1
    kind: RoleBinding
    metadata:
      annotations:
        test-key: test-annotation-role-binding
      labels:
        test-key: test-label-role-binding
      name: RELEASE-NAME-tbot
      namespace: NAMESPACE
    roleRef:
      apiGroup: rbac.authorization.k8s.io
      kind: Role
      name: RELEASE-NAME-tbot
    subjects:
    - kind: ServiceAccount
      name: modified-sa-name
      namespace: NAMESPACE
should match the snapshot (simple):
  1: |
    apiVersion: rbac.authorization.k8s.io/v1
    kind: RoleBinding
    metadata:
      name: RELEASE-NAME-tbot
      namespace: NAMESPACE
    roleRef:
      apiGroup: rbac.authorization.k8s.io
      kind: Role
      name: RELEASE-NAME-tbot
    subjects:
    - kind: ServiceAccount
      name: RELEASE-NAME-tbot
      namespace: NAMESPACE
