should match the snapshot:
  1: |
    apiVersion: apps/v1
    kind: Deployment
    metadata:
      labels:
        app.kubernetes.io/instance: RELEASE-NAME
        app.kubernetes.io/managed-by: Helm
        app.kubernetes.io/name: teleport-plugin-discord
        app.kubernetes.io/version: 17.0.0-dev
        helm.sh/chart: teleport-plugin-discord-17.0.0-dev
      name: RELEASE-NAME-teleport-plugin-discord
    spec:
      replicas: 1
      selector:
        matchLabels:
          app.kubernetes.io/instance: RELEASE-NAME
          app.kubernetes.io/name: teleport-plugin-discord
      template:
        metadata:
          labels:
            app.kubernetes.io/instance: RELEASE-NAME
            app.kubernetes.io/managed-by: Helm
            app.kubernetes.io/name: teleport-plugin-discord
            app.kubernetes.io/version: 17.0.0-dev
            helm.sh/chart: teleport-plugin-discord-17.0.0-dev
        spec:
          containers:
          - command:
            - /usr/local/bin/teleport-plugin
            - start
            - --config
            - /etc/teleport-discord.toml
            env:
            - name: TELEPORT_PLUGIN_FAIL_FAST
              value: "true"
            image: gcr.io/overridden/repository:v98.76.54
            imagePullPolicy: IfNotPresent
            name: teleport-plugin-discord
            resources: {}
            securityContext: {}
            volumeMounts:
            - mountPath: /etc/teleport-discord.toml
              name: config
              subPath: teleport-discord.toml
            - mountPath: /var/lib/teleport/plugins/discord/teleport-identity
              name: teleport-identity
            - mountPath: /var/lib/teleport/plugins/discord/discord-token
              name: password-file
              subPath: discordToken
          securityContext: {}
          volumes:
          - configMap:
              defaultMode: 384
              name: RELEASE-NAME-teleport-plugin-discord
            name: config
          - name: teleport-identity
            secret:
              defaultMode: 384
              secretName: ""
          - name: password-file
            secret:
              defaultMode: 384
              secretName: RELEASE-NAME-teleport-plugin-discord-secret
