type: workload-identity-jwt
selector:
  name: my-workload-identity
destination:
  type: memory
audiences:
  - audience1
  - audience2
