# Generated by `tbot`
[Unit]
Description=tbot - Teleport Machine ID Service
After=network.target

[Service]
Type=simple
User=llama
Group=llamas
Restart=always
RestartSec=5
Environment="TELEPORT_ANONYMOUS_TELEMETRY=0"
ExecStart=/usr/local/bin/tbot start -c /etc/tbot.yaml
ExecReload=/bin/kill -HUP $MAINPID
PIDFile=/run/tbot.pid
LimitNOFILE=524288

[Install]
WantedBy=multi-user.target
