<svg xmlns="http://www.w3.org/2000/svg" width="691" height="420" font-size="14" class="terminal"><rect width="100%" height="100%" class="bg-default"/><svg x="8.4" y="8.4"><g shape-rendering="crispEdges"><rect x="151.7" y="16.8" width="8.4" height="16.8" class="bg-7"/></g><text><tspan y="0.0" dy="1em"><tspan x="0.0">Main</tspan><tspan x="42.1">screen</tspan></tspan><tspan y="16.8" dy="1em"><tspan x="33.7">Position</tspan><tspan x="109.6">saved</tspan></tspan></text></svg></svg>