<svg xmlns="http://www.w3.org/2000/svg" width="691" height="420" font-size="14" class="terminal"><rect width="100%" height="100%" class="bg-default"/><svg x="8.4" y="8.4"><g shape-rendering="crispEdges"><rect x="118.0" y="33.6" width="8.4" height="16.8" class="bg-7"/></g><text><tspan y="0.0" dy="1em"><tspan x="0.0" class="fg-1">Red</tspan><tspan x="33.7" class="fg-1">text</tspan><tspan x="75.9" class="fg-1">in</tspan><tspan x="101.1" class="fg-1">main</tspan></tspan><tspan y="16.8" dy="1em"><tspan x="134.8" class="b">Bold</tspan><tspan x="177.0" class="b">main</tspan><tspan x="219.1" class="b">text</tspan></tspan><tspan y="33.6" dy="1em"></tspan></text></svg></svg>