<svg xmlns="http://www.w3.org/2000/svg" width="691" height="184" font-size="14" class="terminal"><rect width="100%" height="100%" class="bg-default"/><svg x="8.4" y="8.4"><g shape-rendering="crispEdges"><rect x="505.7" y="84.0" width="8.4" height="16.8" class="bg-7"/></g><text><tspan y="0.0" dy="1em"><tspan x="0.0" class="fg-1">Line</tspan><tspan x="42.1" class="fg-1">1</tspan><tspan x="59.0" class="fg-1">Red</tspan></tspan><tspan y="16.8" dy="1em"><tspan x="84.3" class="fg-2">Line</tspan><tspan x="126.4" class="fg-2">2</tspan><tspan x="143.3" class="fg-2">Green</tspan></tspan><tspan y="33.6" dy="1em"><tspan x="185.4" class="fg-3">Line</tspan><tspan x="227.6" class="fg-3">3</tspan><tspan x="244.4" class="fg-3">Yellow</tspan></tspan><tspan y="50.4" dy="1em"><tspan x="295.0" class="fg-4">Line</tspan><tspan x="337.1" class="fg-4">4</tspan><tspan x="354.0" class="fg-4">Blue</tspan></tspan><tspan y="67.2" dy="1em"><tspan x="387.7" class="fg-5">Line</tspan><tspan x="429.8" class="fg-5">5</tspan><tspan x="446.7" class="fg-5">Magenta</tspan></tspan><tspan y="84.0" dy="1em"></tspan></text></svg></svg>