// Jest Snapshot v1, https://goo.gl/fbAQLP

exports[`reportToText converts report correctly 1`] = `
"VNet Diagnostic Report

Created at: 2024-11-23 13:27:48 (Sat, 23 Nov 2024 13:27:48 GMT)
Network interface: utun4
IPv4 CIDR ranges: 100.64.0.0/10
IPv6 prefix: fdff:fd74:46c0::
DNS zones: teleport.example.com, company.test

---
⚠️ There are network routes in conflict with VNet.

| VNet destination | Conflicting destination | Interface | Set up by |
| ---------------- | ----------------------- | --------- | --------- |
| 100.64.0.1 | 100.64.0.0/10 | utun5 | VPN: Foobar |
| 100.64.0.0/10 | 0.0.0.0/1 | utun6 | unknown |

\`\`\`
$ netstat -rn -f inet
Routing tables

Internet:
Destination        Gateway            Flags               Netif Expire
default            192.168.1.1        UGdScg                en0       
default            link#23            UCSIg           bridge100      !
default            link#25            UCSIg               utun4       
100.64/10          link#25            UCS                 utun4       
100.64.0.1         100.64.0.1         UH                  utun5       
100.87.112.117     100.87.112.117     UH                  utun4       
100.100.100.100/32 link#25            UCS                 utun4       
100.100.100.100    link#25            UHWIi               utun4       

\`\`\`
"
`;
