# Begin generated Teleport configuration by tbot for the ssh-multiplexer service

Host *.example.com
    Port 3022
    UserKnownHostsFile '/opt/machine-id/known_hosts'
    HostKeyAlgorithms rsa-sha2-512-cert-v01@openssh.com,rsa-sha2-256-cert-v01@openssh.com,ssh-rsa-cert-v01@openssh.com
    IdentityFile none
    IdentityAgent '/opt/machine-id/agent.sock'    
    ProxyCommand '/bin/fdpass-teleport' 'foo' '/opt/machine-id/v1.sock' '%h:%p|example.com'
    ProxyUseFDPass yes
Host *.example.org
    Port 3022
    UserKnownHostsFile '/opt/machine-id/known_hosts'
    HostKeyAlgorithms rsa-sha2-512-cert-v01@openssh.com,rsa-sha2-256-cert-v01@openssh.com,ssh-rsa-cert-v01@openssh.com
    IdentityFile none
    IdentityAgent '/opt/machine-id/agent.sock'    
    ProxyCommand '/bin/fdpass-teleport' 'foo' '/opt/machine-id/v1.sock' '%h:%p|example.org'
    ProxyUseFDPass yes
# End generated Teleport configuration
