type: spiffe-workload-api
listen: unix:///var/run/spiffe.sock
svids:
  - path: /foo
attestors:
  kubernetes:
    enabled: false
