# teleport-update version
# DO NOT EDIT THIS FILE

# Generated by `tbot`
[Unit]
Description=tbot - Teleport Machine ID Service
After=network.target

[Service]
Type=simple
User=root
Group=root
Restart=always
RestartSec=5
Environment="TELEPORT_ANONYMOUS_TELEMETRY=1"
ExecStart=/usr/local/bin/tbot start -c /etc/tbot.yaml --diag-socket-for-updater=/var/lib/teleport/bot/debug.sock --pid-file=/run/tbot.pid
ExecReload=/bin/kill -HUP $MAINPID
PIDFile=/run/tbot.pid
LimitNOFILE=524288

[Install]
WantedBy=multi-user.target
