should contain the token:
  1: |
    apiVersion: v1
    data:
      mattermostToken: bXltYXR0ZXJtb3N0dG9rZW4=
    kind: Secret
    metadata:
      name: RELEASE-NAME-teleport-plugin-mattermost-secret
    type: Opaque
